[预算] 今日已用请求 0/500
[all_h] 页 1 存盘（累计约 200/26477，今日请求 1/500）
[all_h] 页 2 存盘（累计约 400/26477，今日请求 2/500）
[all_h] 页 3 存盘（累计约 600/26477，今日请求 3/500）
[all_h] 页 4 存盘（累计约 800/26477，今日请求 4/500）
[all_h] 页 5 存盘（累计约 1000/26477，今日请求 5/500）
[all_h] 页 6 存盘（累计约 1200/26477，今日请求 6/500）
[all_h] 页 7 存盘（累计约 1400/26477，今日请求 7/500）
[all_h] 页 8 存盘（累计约 1600/26477，今日请求 8/500）
[all_h] 页 9 存盘（累计约 1800/26477，今日请求 9/500）
[all_h] 页 10 存盘（累计约 2000/26477，今日请求 10/500）
[all_h] 页 11 存盘（累计约 2200/26477，今日请求 11/500）
[all_h] 页 12 存盘（累计约 2400/26477，今日请求 12/500）
[all_h] 页 13 存盘（累计约 2600/26477，今日请求 13/500）
[all_h] 页 14 存盘（累计约 2800/26477，今日请求 14/500）
[all_h] 页 15 存盘（累计约 3000/26477，今日请求 15/500）
[all_h] 页 16 存盘（累计约 3200/26477，今日请求 16/500）
[all_h] 页 17 存盘（累计约 3400/26477，今日请求 17/500）
[all_h] 页 18 存盘（累计约 3600/26477，今日请求 18/500）
[all_h] 页 19 存盘（累计约 3800/26477，今日请求 19/500）
[all_h] 页 20 存盘（累计约 4000/26477，今日请求 20/500）
[all_h] 页 21 存盘（累计约 4200/26477，今日请求 21/500）
[all_h] 页 22 存盘（累计约 4400/26477，今日请求 22/500）
[all_h] 页 23 存盘（累计约 4600/26477，今日请求 23/500）
[all_h] 页 24 存盘（累计约 4800/26477，今日请求 24/500）
[all_h] 页 25 存盘（累计约 5000/26477，今日请求 25/500）
[all_h] 页 26 存盘（累计约 5200/26477，今日请求 26/500）
[all_h] 页 27 存盘（累计约 5400/26477，今日请求 27/500）
[all_h] 页 28 存盘（累计约 5600/26477，今日请求 28/500）
[all_h] 页 29 存盘（累计约 5800/26477，今日请求 29/500）
[all_h] 页 30 存盘（累计约 6000/26477，今日请求 30/500）
[all_h] 页 31 存盘（累计约 6200/26477，今日请求 31/500）
[all_h] 页 32 存盘（累计约 6400/26477，今日请求 32/500）
[all_h] 页 33 存盘（累计约 6600/26477，今日请求 33/500）
[all_h] 页 34 存盘（累计约 6800/26477，今日请求 34/500）
[all_h] 页 35 存盘（累计约 7000/26477，今日请求 35/500）
[all_h] 页 36 存盘（累计约 7200/26477，今日请求 36/500）
[all_h] 页 37 存盘（累计约 7400/26477，今日请求 37/500）
[all_h] 页 38 存盘（累计约 7600/26477，今日请求 38/500）
[all_h] 页 39 存盘（累计约 7800/26477，今日请求 39/500）
[all_h] 页 40 存盘（累计约 8000/26477，今日请求 40/500）
[all_h] 页 41 存盘（累计约 8200/26477，今日请求 41/500）
[all_h] 页 42 存盘（累计约 8400/26477，今日请求 42/500）
[all_h] 页 43 存盘（累计约 8600/26477，今日请求 43/500）
[all_h] 页 44 存盘（累计约 8800/26477，今日请求 44/500）
[all_h] 页 45 存盘（累计约 9000/26477，今日请求 45/500）
[all_h] 页 46 存盘（累计约 9200/26477，今日请求 46/500）
[all_h] 页 47 存盘（累计约 9400/26477，今日请求 47/500）
[all_h] 页 48 存盘（累计约 9600/26477，今日请求 48/500）
[all_h] 页 49 存盘（累计约 9800/26477，今日请求 49/500）
[all_h] 页 50 存盘（累计约 10000/26477，今日请求 50/500）
[all_h] 页 51 存盘（累计约 10200/26477，今日请求 51/500）
[all_h] 页 52 存盘（累计约 10400/26477，今日请求 52/500）
[all_h] 页 53 存盘（累计约 10600/26477，今日请求 53/500）
[all_h] 页 54 存盘（累计约 10800/26477，今日请求 54/500）
[all_h] 页 55 存盘（累计约 11000/26477，今日请求 55/500）
[all_h] 页 56 存盘（累计约 11200/26477，今日请求 56/500）
[all_h] 页 57 存盘（累计约 11400/26477，今日请求 57/500）
[all_h] 页 58 存盘（累计约 11600/26477，今日请求 58/500）
[all_h] 页 59 存盘（累计约 11800/26477，今日请求 59/500）
[all_h] 页 60 存盘（累计约 12000/26477，今日请求 60/500）
[all_h] 页 61 存盘（累计约 12200/26477，今日请求 61/500）
[all_h] 页 62 存盘（累计约 12400/26477，今日请求 62/500）
[all_h] 页 63 存盘（累计约 12600/26477，今日请求 63/500）
[all_h] 页 64 存盘（累计约 12800/26477，今日请求 64/500）
[all_h] 页 65 存盘（累计约 13000/26477，今日请求 65/500）
[all_h] 页 66 存盘（累计约 13200/26477，今日请求 66/500）
[all_h] 页 67 存盘（累计约 13400/26477，今日请求 67/500）
[all_h] 页 68 存盘（累计约 13600/26477，今日请求 68/500）
[all_h] 页 69 存盘（累计约 13800/26477，今日请求 69/500）
[all_h] 页 70 存盘（累计约 14000/26477，今日请求 70/500）
[all_h] 页 71 存盘（累计约 14200/26477，今日请求 71/500）
[all_h] 页 72 存盘（累计约 14400/26477，今日请求 72/500）
[all_h] 页 73 存盘（累计约 14600/26477，今日请求 73/500）
[all_h] 页 74 存盘（累计约 14800/26477，今日请求 74/500）
[all_h] 页 75 存盘（累计约 15000/26477，今日请求 75/500）
[all_h] 页 76 存盘（累计约 15200/26477，今日请求 76/500）
[all_h] 页 77 存盘（累计约 15400/26477，今日请求 77/500）
[all_h] 页 78 存盘（累计约 15600/26477，今日请求 78/500）
[all_h] 页 79 存盘（累计约 15800/26477，今日请求 79/500）
[all_h] 页 80 存盘（累计约 16000/26477，今日请求 80/500）
[all_h] 页 81 存盘（累计约 16200/26477，今日请求 81/500）
[all_h] 页 82 存盘（累计约 16400/26477，今日请求 82/500）
[all_h] 页 83 存盘（累计约 16600/26477，今日请求 83/500）
[all_h] 页 84 存盘（累计约 16800/26477，今日请求 84/500）
[all_h] 页 85 存盘（累计约 17000/26477，今日请求 85/500）
[all_h] 页 86 存盘（累计约 17200/26477，今日请求 86/500）
[all_h] 页 87 存盘（累计约 17400/26477，今日请求 87/500）
[all_h] 页 88 存盘（累计约 17600/26477，今日请求 88/500）
[all_h] 页 89 存盘（累计约 17800/26477，今日请求 89/500）
[all_h] 页 90 存盘（累计约 18000/26477，今日请求 90/500）
[all_h] 页 91 存盘（累计约 18200/26477，今日请求 91/500）
[all_h] 页 92 存盘（累计约 18400/26477，今日请求 92/500）
[all_h] 页 93 存盘（累计约 18600/26477，今日请求 93/500）
[all_h] 页 94 存盘（累计约 18800/26477，今日请求 94/500）
[all_h] 页 95 存盘（累计约 19000/26477，今日请求 95/500）
[all_h] 页 96 存盘（累计约 19200/26477，今日请求 96/500）
[all_h] 页 97 存盘（累计约 19400/26477，今日请求 97/500）
[all_h] 页 98 存盘（累计约 19600/26477，今日请求 98/500）
[all_h] 页 99 存盘（累计约 19800/26477，今日请求 99/500）
[all_h] 页 100 存盘（累计约 20000/26477，今日请求 100/500）
[all_h] 页 101 存盘（累计约 20200/26477，今日请求 101/500）
[all_h] 页 102 存盘（累计约 20400/26477，今日请求 102/500）
[all_h] 页 103 存盘（累计约 20600/26477，今日请求 103/500）
[all_h] 页 104 存盘（累计约 20800/26477，今日请求 104/500）
[all_h] 页 105 存盘（累计约 21000/26477，今日请求 105/500）
[all_h] 页 106 存盘（累计约 21200/26477，今日请求 106/500）
[all_h] 页 107 存盘（累计约 21400/26477，今日请求 107/500）
[all_h] 页 108 存盘（累计约 21600/26477，今日请求 108/500）
[all_h] 页 109 存盘（累计约 21800/26477，今日请求 109/500）
[all_h] 页 110 存盘（累计约 22000/26477，今日请求 110/500）
[all_h] 页 111 存盘（累计约 22200/26477，今日请求 111/500）
[all_h] 页 112 存盘（累计约 22400/26477，今日请求 112/500）
[all_h] 页 113 存盘（累计约 22600/26477，今日请求 113/500）
[all_h] 页 114 存盘（累计约 22800/26477，今日请求 114/500）
[all_h] 页 115 存盘（累计约 23000/26477，今日请求 115/500）
[all_h] 页 116 存盘（累计约 23200/26477，今日请求 116/500）
[all_h] 页 117 存盘（累计约 23400/26477，今日请求 117/500）
[all_h] 页 118 存盘（累计约 23600/26477，今日请求 118/500）
[all_h] 页 119 存盘（累计约 23800/26477，今日请求 119/500）
[all_h] 页 120 存盘（累计约 24000/26477，今日请求 120/500）
[all_h] 页 121 存盘（累计约 24200/26477，今日请求 121/500）
[all_h] 页 122 存盘（累计约 24400/26477，今日请求 122/500）
[all_h] 页 123 存盘（累计约 24600/26477，今日请求 123/500）
[all_h] 页 124 存盘（累计约 24800/26477，今日请求 124/500）
[all_h] 页 125 存盘（累计约 25000/26477，今日请求 125/500）
[all_h] 页 126 存盘（累计约 25200/26477，今日请求 126/500）
[all_h] 页 127 存盘（累计约 25400/26477，今日请求 127/500）
[all_h] 页 128 存盘（累计约 25600/26477，今日请求 128/500）
[all_h] 页 129 存盘（累计约 25800/26477，今日请求 129/500）
[all_h] 页 130 存盘（累计约 26000/26477，今日请求 130/500）
[all_h] 页 131 存盘（累计约 26200/26477，今日请求 131/500）
[all_h] 页 132 存盘（累计约 26400/26477，今日请求 132/500）
[all_h] 页 133 存盘（累计约 26477/26477，今日请求 133/500）
[all_h] 合并 26477 行 → 去重后 20363 行（totalCount=26477）

===== 任务A：MamunHighT2019 官方 H 子集与镜像交叉核对 =====
[A] data_processed/cathub_mamun.csv ← 7806 行（products~H* 且 reactants~H2）
[A] 方程分布 Top10:
Equation
0.5H2(g) + * -> H*    6303
H2(g) + 2* -> 2H*     1503
[A] 其中稀释 H*（0.5H2(g) + * -> H*）6303 行，唯一组成 1748 个
[A] 镜像 H* 构型 7048 条，唯一组成 1836 个
[A] 组成匹配率：1748/1836 （95.2%）；仅镜像 88、仅官方 0
[A] 仅镜像组成示例: ['Ag', 'AgFe3', 'AgRu', 'AgTc', 'AlRe', 'AlRu3', 'AlTc3', 'Au', 'Au3Ga', 'Au3Hg']
[A] 能量逐条匹配（容差 0.001 eV）：6302/6795 （92.74%）
[A] 匹配能量偏差分布：max=7.01e-04 eV, mean=3.99e-07 eV, p50=0.00e+00, p90=0.00e+00, p99=0.00e+00
[A] 去重后表面级核对（v1 最低能 vs 官方最低能）：1748/1836 表面，|Δ| max=1.47e+00 eV, mean=1.06e-02 eV, 95.42% 在容差内

===== 任务B：官方 facet/sites vs v1/v2 推断标签 =====
[B] v1 1836 表面 / v2 1836 表面，组成集合一致：True
[B] hstar_facet_check.csv ← 1836 表面：facet 一致 1748 （95.2%），不一致 0，官方缺 facet 88
[B] 官方 facet 覆盖率 95.2%；官方 H 吸附位点（sites）覆盖率 95.2%
[B] 官方 facet 分布: {'111': 1158, '101': 590}
[B] H 位点类型分布: {'top|B': 918, 'hollow|A_A_A|HCP': 805, 'hollow|A_A_A|FCC': 754, 'hollow|A_A_B|HCP': 625, 'hollow|A_A_B|FCC': 596, 'bridge|A_A|B': 490, 'top|A': 480, 'bridge|B_B|A': 313, 'hollow|A_B_B|FCC': 240, 'bridge|A_A|A': 240}

===== 任务C：非 Mamun H 吸附增量盘点 =====
[C] 库内 publication 总数：147（已取 147）
[C] 全库 H 相关子集 20363 行；非 Mamun 12557 行，唯一组成 316 个
[C] 方程分布 Top10:
Equation
0.5H2(g) + * -> H*        1975
4.5H2(g) + * -> 9.0H*     1362
4.0H2(g) + * -> 8.0H*     1221
5.0H2(g) + * -> 10.0H*    1106
3.5H2(g) + * -> 7.0H*     1059
3.0H2(g) + * -> 6.0H*      925
5.5H2(g) + * -> 11.0H*     862
2.5H2(g) + * -> 5.0H*      737
2.0H2(g) + * -> 4.0H*      552
6.0H2(g) + * -> 12.0H*     414
[C] data_processed/cathub_hstar_extra.csv ← 12557 行
[C] 来源 pub 分布（全部）:
    ZhangOff-equilibrium2025           9104 行     3 组成 E∈[ -5.736,  3.126]  (2025) Off-Equilibrium Reactivity of Boron-Enriched Metal Diboride 
    BoesAdsorption2018                 1411 行     7 组成 E∈[ -2.104, 22.339]  (2018) Adsorption energies on fcc 111 transition metals
    YohannesCombined2023                896 行    29 组成 E∈[-11.628,  3.272]  (2023) Combined High throughput DFT and ML Screening of Transition 
    ZhangDopant-dependent2025           538 行     3 组成 E∈[ -0.745,  1.953]  (2025) Dopant-dependent boron arrangement and chemistry of metal bo
    ZhangUnlocking2025                  168 行   168 组成 E∈[ -1.980, -0.275]  (2025) Unlocking Switchable Reactivity of MBene via Asymmetric Surf
    PasumarthiFacetDependence2023        96 行     1 组成 E∈[ -0.023,  0.726]  (2025) Facet-Dependent Catalytic Selectivity for Electrochemical Re
    TangModeling2020                     94 行    68 组成 E∈[ -0.927,  1.697]  (2020) Modeling Hydrogen Evolution Reaction Kinetics through Explic
    MontoyaThe2015                       46 行    12 组成 E∈[ -0.614,  0.601]  (2015) The Challenge of Electrochemical Ammonia Synthesis: A New Pe
    DheerRefinement2026                  28 行     0 组成 E∈[ -1.525,  0.719]  (2026) Refinement of the Electrochemical Description of the Nitroge
    HansenFirst2018                      25 行    16 组成 E∈[ -2.270,  1.838]  (2018) First Principles Micro-kinetic Model of Catalytic Non-oxidat
    TangFrom2020                         23 行    12 组成 E∈[ -1.053,  0.823]  (2020) From Electricity to Fuels: Descriptors for C1 Selectivity in
    DheerNitrogenase2025                 20 行     0 组成 E∈[ -1.055,  0.660]  (2025) Nitrogenase New Perspective on the Limitations of Nitrogen R
    WangAchieving2021                    16 行    15 组成 E∈[ -1.608,  0.828]  (2021) Achieving industrial ammonia synthesis rates at near-ambient
    Gauthierrole2021                     12 行     6 组成 E∈[ -0.703,  1.749]  (2021) The role of roughening in enhancing selectivity to C2+ produ
    TangActive2025                       10 行    10 组成 E∈[ -0.280,  0.921]  (2025) Active Sites on Titanium and Hydrogen-Covered Transition Met
    DickensElectronic2018                 9 行     9 组成 E∈[ -3.154,  0.709]  (2018) An Electronic Structure Descriptor for Oxygen Reactivity at 
    ClarkInfluence2018                    8 行     1 组成 E∈[  0.390,  0.501]  (2019) Influence of Atomic Surface Structure on the Activity of Ag 
    WangUniversal2011                     8 行     0 组成 E∈[ -1.000,  0.554]  (2011) Universal br{\o}nsted-evans-polanyi relations for c--c, c--o
    E.Molecular2026                       6 行     0 组成 E∈[  0.090,  0.655]  (2026) Molecular Approaches to the Mechanism of CO2 Reduction to Me
    SchumannSelectivity2018               6 行     6 组成 E∈[ -0.425,  0.443]  (2018) Selectivity of Synthesis Gas Conversion to C2+ Oxygenates on
    JungSpin2025                          6 行     0 组成 E∈[ -0.671,  1.004]  (2025) Spin State Modulation in M–N–C Single-Atom Catalysts for Oxy
    JungRuO2-doping2026                   5 行     2 组成 E∈[ -1.698, -1.495]  (2026) RuO2-doping stabilization OER dataset
    KimStabilizing2026                    5 行     2 组成 E∈[ -1.698, -1.495]  (2026) Stabilizing lattice oxygen in RuO2 with high-valent 5d Re do
    SongStrongly2026                      5 行     5 组成 E∈[ -0.943,  1.573]  (2026) Strongly supported platinum cluster catalysts with atom coun
    DStructure2024                        2 行     1 组成 E∈[ -0.637, -0.586]  (2024) Structure sensitivity of the electrochemical hydrogenation o
    YangIntrinsic2016                     2 行     1 组成 E∈[ -0.361, -0.313]  (2016) Intrinsic Selectivity and Structure Sensitivity of Rhodium C
    LogadottirAmmonia2003                 2 行     0 组成 E∈[ -1.100, -1.040]  (2003) Ammonia synthesis over a Ru (0001) surface studied by densit
    BukasORR2017                          1 行     1 组成 E∈[ -1.354, -1.354]  (2018) Combining Experiment and Theory to Unravel the Mechanism of 
    HossainTitanium2025                   1 行     0 组成 E∈[ -0.907, -0.907]  (2025) Titanium Nitrogen-Doped Carbon Flowers Catalyze Electrochemi
    MedfordThermochemistry2014            1 行     0 组成 E∈[ -0.710, -0.710]  (2014) Thermochemistry and micro-kinetic analysis of methanol synth
    SharadaAdsorption2019                 1 行     1 组成 E∈[ -1.288, -1.288]  (2019) Adsorption on transition metal surfaces: Transferability and
    PengTrends2022                        1 行     1 组成 E∈[  0.112,  0.112]  (2022) Trends in oxygenate/hydrocarbon selectivity for electrochemi
    Unpublished                           1 行     0 组成 E∈[ -0.130, -0.130]  (2015) Rational design of MoS2 catalysts: tuning the structure and 
[C] data_processed/cathub_hstar_extra_by_pub.csv ← 33 个来源
[C] 能量范围：[-11.628, 22.339] eV，mean=-1.984，std=2.699；|E|>3 eV 离群 5468 行
[C] 泛函分布: {'PBE_D3': 9810, 'RPBE': 1433, 'PBE': 896, 'BEEF-vdW': 233, 'RPBE+U-2': 16, 'BEEF-vdW_-0.57VSHE': 14, 'BEEF-vdW_-0.73VSHE': 14, 'BEEF-vdW_-0.89VSHE': 13, 'BEEF-vdW_-0.42VSHE': 13, 'RPBE_-0.413VSHE': 12, 'PBE+U+VASPsol': 10, 'RPBE+U-3.5': 10, 'BEEF-vdW_-1.04VSHE': 9, 'RPBE_400eV': 9, 'PBE+U': 7, 'RPBE+U-4.3': 6, 'PBE+U+D3+VASPsol': 6, 'beef-vdW': 5, 'BEEF-vdW_-0.51VSHE': 3, 'BEEF-vdW_-0.38VSHE': 3, 'BEEF-vdW_-0.36VSHE': 3, 'BEEF-vdW_-0.07VSHE': 3, 'BEEF-vdW_-0.20VSHE': 3, 'BEEF-vdW_-0.70VSHE': 3, 'BEEF-vdW_-0.23VSHE': 3, 'BEEF-vdW_0.11VSHE': 3, 'BEEF-vdW_-1.01VSHE': 3, 'BEEF-vdW_0.27VSHE': 3, 'BEEF-vdW_-0.04VSHE': 3, 'PBE+D3': 2, 'FNDMC-RPBE+U-2': 2, 'BEEF': 1, 'SCAN': 1, 'FNDMC-RPBE+U-4.3': 1, 'FNDMC-RPBE+U-3.5': 1}
[C] DFT 代码分布: {'VASP': 10725, 'Quantum ESPRESSO 5.1': 1509, 'QE-5.1': 224, 'VASP-5.4.4': 45, 'VASP-6.4.2': 16, 'Quantum Espresso': 16, 'DACAPO': 10, 'VASP-6.3.2': 6, 'QMCPACK-4.2.9': 3, 'GPAW': 1, 'VASP.5.4.4': 1, 'QMCPACK-3.17.9': 1}
[C] 晶面分布 Top10: {'B03Hn': 6147, 'B01Hn': 2197, '111': 1566, 'B00Hn': 760, '001': 734, '110': 481, '100': 452, '211': 47, '511': 30, 'E0': 26}

[完成] 总耗时 21.9 min，今日累计请求 134/500
