GBDT H seed=0 MAE=0.1199
GBDT H seed=1 MAE=0.1217
GBDT H seed=2 MAE=0.1214
GBDT H seed=7 MAE=0.1213
GBDT H seed=13 MAE=0.1209
GBDT H seed=42 MAE=0.1216
GBDT H seed=99 MAE=0.1223
GBDT H seed=123 MAE=0.1207
GBDT H seed=2024 MAE=0.1206
GBDT H seed=31337 MAE=0.1219
GBDT S seed=0 MAE=0.1676
GBDT S seed=1 MAE=0.1671
GBDT S seed=2 MAE=0.1686
GBDT S seed=7 MAE=0.1670
GBDT S seed=13 MAE=0.1682
GBDT S seed=42 MAE=0.1659
GBDT S seed=99 MAE=0.1666
GBDT S seed=123 MAE=0.1671
GBDT S seed=2024 MAE=0.1684
GBDT S seed=31337 MAE=0.1662
GBDT 2H seed=0 MAE=0.2382
GBDT 2H seed=1 MAE=0.2360
GBDT 2H seed=2 MAE=0.2378
GBDT 2H seed=7 MAE=0.2382
GBDT 2H seed=13 MAE=0.2379
GBDT 2H seed=42 MAE=0.2365
GBDT 2H seed=99 MAE=0.2389
GBDT 2H seed=123 MAE=0.2364
GBDT 2H seed=2024 MAE=0.2364
GBDT 2H seed=31337 MAE=0.2359
GBDT N seed=0 MAE=0.2754
GBDT N seed=1 MAE=0.2761
GBDT N seed=2 MAE=0.2740
GBDT N seed=7 MAE=0.2756
GBDT N seed=13 MAE=0.2766
GBDT N seed=42 MAE=0.2756
GBDT N seed=99 MAE=0.2757
GBDT N seed=123 MAE=0.2733
GBDT N seed=2024 MAE=0.2754
GBDT N seed=31337 MAE=0.2765
GBDT O seed=0 MAE=0.2264
GBDT O seed=1 MAE=0.2258
GBDT O seed=2 MAE=0.2262
GBDT O seed=7 MAE=0.2253
GBDT O seed=13 MAE=0.2250
GBDT O seed=42 MAE=0.2244
GBDT O seed=99 MAE=0.2250
GBDT O seed=123 MAE=0.2252
GBDT O seed=2024 MAE=0.2267
GBDT O seed=31337 MAE=0.2255
GBDT C seed=0 MAE=0.3029
GBDT C seed=1 MAE=0.3004
GBDT C seed=2 MAE=0.2980
GBDT C seed=7 MAE=0.3010
GBDT C seed=13 MAE=0.2982
GBDT C seed=42 MAE=0.2992
GBDT C seed=99 MAE=0.2993
GBDT C seed=123 MAE=0.2986
GBDT C seed=2024 MAE=0.3018
GBDT C seed=31337 MAE=0.2979
GBDT 2N seed=0 MAE=0.5514
GBDT 2N seed=1 MAE=0.5593
GBDT 2N seed=2 MAE=0.5574
GBDT 2N seed=7 MAE=0.5530
GBDT 2N seed=13 MAE=0.5523
GBDT 2N seed=42 MAE=0.5566
GBDT 2N seed=99 MAE=0.5571
GBDT 2N seed=123 MAE=0.5555
GBDT 2N seed=2024 MAE=0.5496
GBDT 2N seed=31337 MAE=0.5593
GBDT 2O seed=0 MAE=0.4345
GBDT 2O seed=1 MAE=0.4388
GBDT 2O seed=2 MAE=0.4365
GBDT 2O seed=7 MAE=0.4349
GBDT 2O seed=13 MAE=0.4364
GBDT 2O seed=42 MAE=0.4360
GBDT 2O seed=99 MAE=0.4343
GBDT 2O seed=123 MAE=0.4405
GBDT 2O seed=2024 MAE=0.4362
GBDT 2O seed=31337 MAE=0.4356
GBDT NH seed=0 MAE=0.2043
GBDT NH seed=1 MAE=0.2001
GBDT NH seed=2 MAE=0.2029
GBDT NH seed=7 MAE=0.2033
GBDT NH seed=13 MAE=0.2036
GBDT NH seed=42 MAE=0.2004
GBDT NH seed=99 MAE=0.1988
GBDT NH seed=123 MAE=0.2081
GBDT NH seed=2024 MAE=0.1993
GBDT NH seed=31337 MAE=0.2045
GBDT CH seed=0 MAE=0.2203
GBDT CH seed=1 MAE=0.2193
GBDT CH seed=2 MAE=0.2207
GBDT CH seed=7 MAE=0.2175
GBDT CH seed=13 MAE=0.2222
GBDT CH seed=42 MAE=0.2192
GBDT CH seed=99 MAE=0.2183
GBDT CH seed=123 MAE=0.2232
GBDT CH seed=2024 MAE=0.2180
GBDT CH seed=31337 MAE=0.2182
GBDT SH seed=0 MAE=0.2306
GBDT SH seed=1 MAE=0.2287
GBDT SH seed=2 MAE=0.2305
GBDT SH seed=7 MAE=0.2291
GBDT SH seed=13 MAE=0.2234
GBDT SH seed=42 MAE=0.2281
GBDT SH seed=99 MAE=0.2306
GBDT SH seed=123 MAE=0.2261
GBDT SH seed=2024 MAE=0.2255
GBDT SH seed=31337 MAE=0.2339
GBDT H2O seed=0 MAE=0.0760
GBDT H2O seed=1 MAE=0.0748
GBDT H2O seed=2 MAE=0.0745
GBDT H2O seed=7 MAE=0.0760
GBDT H2O seed=13 MAE=0.0804
GBDT H2O seed=42 MAE=0.0784
GBDT H2O seed=99 MAE=0.0755
GBDT H2O seed=123 MAE=0.0766
GBDT H2O seed=2024 MAE=0.0757
GBDT H2O seed=31337 MAE=0.0778
GBDT CH2 seed=0 MAE=0.2499
GBDT CH2 seed=1 MAE=0.2469
GBDT CH2 seed=2 MAE=0.2466
GBDT CH2 seed=7 MAE=0.2496
GBDT CH2 seed=13 MAE=0.2489
GBDT CH2 seed=42 MAE=0.2526
GBDT CH2 seed=99 MAE=0.2519
GBDT CH2 seed=123 MAE=0.2524
GBDT CH2 seed=2024 MAE=0.2535
GBDT CH2 seed=31337 MAE=0.2535
GBDT CH3 seed=0 MAE=0.1620
GBDT CH3 seed=1 MAE=0.1621
GBDT CH3 seed=2 MAE=0.1621
GBDT CH3 seed=7 MAE=0.1636
GBDT CH3 seed=13 MAE=0.1625
GBDT CH3 seed=42 MAE=0.1627
GBDT CH3 seed=99 MAE=0.1647
GBDT CH3 seed=123 MAE=0.1634
GBDT CH3 seed=2024 MAE=0.1609
GBDT CH3 seed=31337 MAE=0.1615
GBDT OH seed=0 MAE=0.2032
GBDT OH seed=1 MAE=0.2051
GBDT OH seed=2 MAE=0.2008
GBDT OH seed=7 MAE=0.2073
GBDT OH seed=13 MAE=0.2067
GBDT OH seed=42 MAE=0.2056
GBDT OH seed=99 MAE=0.2092
GBDT OH seed=123 MAE=0.2088
GBDT OH seed=2024 MAE=0.2085
GBDT OH seed=31337 MAE=0.2033
NN done seed 0
NN done seed 1
NN done seed 2
NN done seed 7
NN done seed 13
NN done seed 42
NN done seed 99
NN done seed 123
NN done seed 2024
NN done seed 31337
跨吸附种迁移红利在数据共享不在表示共享：联合硬共享 MLP 未能在小档吸附种上显著优于单任务 GBDT（公平契约未满足），迁移红利主要来自描述符/数据口径统一而非表示共享。
